=== prop_test_BooleanExpression1a on FieldML_test1.hs:38 ===
+++ OK, passed 100 tests.
=== prop_test_BooleanExpression1b on FieldML_test1.hs:39 ===
+++ OK, passed 100 tests.
=== prop_test_BooleanExpression1c on FieldML_test1.hs:42 ===
+++ OK, passed 100 tests.
=== prop_test_BooleanExpression1d on FieldML_test1.hs:44 ===
+++ OK, passed 100 tests.
=== prop_test_BooleanExpression1e on FieldML_test1.hs:45 ===
+++ OK, passed 100 tests.
=== prop_test_Subset1a on FieldML_test1.hs:47 ===
+++ OK, passed 100 tests.
=== prop_test_match1a on FieldML_test1.hs:55 ===
+++ OK, passed 100 tests.
=== prop_test_2dTupleMapDomain1a on FieldML_test1.hs:67 ===
+++ OK, passed 100 tests.
=== prop_test_2dTupleMapDomain1b on FieldML_test1.hs:68 ===
+++ OK, passed 100 tests.
=== prop_test_2dTupleMapDomain1c on FieldML_test1.hs:71 ===
+++ OK, passed 100 tests.
=== prop_test_2dTupleMapDomain1d on FieldML_test1.hs:73 ===
+++ OK, passed 100 tests.
=== prop_test_LambdaTuple_domain on FieldML_test1.hs:77 ===
+++ OK, passed 100 tests.
=== prop_test_LambdaTuple_codomain on FieldML_test1.hs:78 ===
+++ OK, passed 100 tests.
=== prop_test_LambdaTuple_freeVariables on FieldML_test1.hs:79 ===
+++ OK, passed 100 tests.
=== prop_test_LambdaTuple_valid on FieldML_test1.hs:80 ===
+++ OK, passed 100 tests.
=== prop_test_Tuple_freeVariables on FieldML_test1.hs:85 ===
+++ OK, passed 100 tests.
=== prop_test_Simplex2dPredicate on FieldML_test1.hs:89 ===
+++ OK, passed 100 tests.
=== prop_testValidate_lambdaRhs_noCommonVars on FieldML_test1.hs:92 ===
+++ OK, passed 100 tests.
=== prop_test_DomainPolarToCartesian on FieldML_test1.hs:140 ===
+++ OK, passed 100 tests.
=== prop_test_Domain_PartialApplication on FieldML_test1.hs:145 ===
+++ OK, passed 100 tests.
=== prop_test_RestrictionForCircle on FieldML_test1.hs:155 ===
+++ OK, passed 100 tests.
=== prop_testResult8 on FieldML_test1.hs:161 ===
+++ OK, passed 100 tests.
=== prop_test_IntParam_01a on FieldML_test1.hs:163 ===
+++ OK, passed 100 tests.
=== prop_test_IntParam_01b on FieldML_test1.hs:165 ===
+++ OK, passed 100 tests.
=== prop_test_IntParam_01c on FieldML_test1.hs:174 ===
+++ OK, passed 100 tests.
=== prop_test_IntParam_01d on FieldML_test1.hs:176 ===
+++ OK, passed 100 tests.
=== prop_test_Predicate2b on FieldML_test1.hs:200 ===
+++ OK, passed 100 tests.
=== prop_test_PartialApplication on FieldML_test1.hs:209 ===
+++ OK, passed 100 tests.
=== prop_test_KroneckerProduct2d on FieldML_test1.hs:211 ===
+++ OK, passed 100 tests.
=== prop_test_KroneckerProduct3d on FieldML_test1.hs:213 ===
+++ OK, passed 100 tests.
=== prop_test_Exists1a on FieldML_test1.hs:264 ===
+++ OK, passed 100 tests.
=== prop_test_Exists1b on FieldML_test1.hs:266 ===
+++ OK, passed 100 tests.
=== prop_test_Exists1c on FieldML_test1.hs:268 ===
+++ OK, passed 100 tests.
=== prop_test_Exists1d on FieldML_test1.hs:272 ===
+++ OK, passed 100 tests.
=== prop_test_Exists1e on FieldML_test1.hs:274 ===
+++ OK, passed 100 tests.
=== prop_test_Exists1f on FieldML_test1.hs:277 ===
+++ OK, passed 100 tests.
=== prop_test_Exists1g1 on FieldML_test1.hs:281 ===
+++ OK, passed 100 tests.
=== prop_test_Exists1g2 on FieldML_test1.hs:282 ===
+++ OK, passed 100 tests.
=== prop_test_normallyDistributedVariable1 on FieldML_test1.hs:292 ===
+++ OK, passed 100 tests.
=== prop_test_Where on FieldML_test1.hs:401 ===
+++ OK, passed 100 tests.
=== prop_test_Tuples_And_DisjointUnionValue on FieldML_test1.hs:411 ===
+++ OK, passed 100 tests.
=== prop_test_Project_NonTuple on FieldML_test1.hs:413 ===
+++ OK, passed 100 tests.
=== prop_test_SimpleContraction on FieldML_test1.hs:422 ===
+++ OK, passed 100 tests.
=== prop_test_simplePressureField on FieldML_test1.hs:426 ===
+++ OK, passed 100 tests.
=== prop_test_localNodePressureViaTemplate on FieldML_test1.hs:431 ===
+++ OK, passed 100 tests.
=== prop_test_pressureFieldViaTemplate1 on FieldML_test1.hs:432 ===
+++ OK, passed 100 tests.
=== prop_test_pressureFieldViaTemplate2 on FieldML_test1.hs:433 ===
+++ OK, passed 100 tests.
=== prop_test_geometricFieldViaTemplate on FieldML_test1.hs:436 ===
+++ OK, passed 100 tests.
=== prop_test_nodalDofs on FieldML_test1.hs:439 ===
+++ OK, passed 100 tests.
=== prop_test_Subset_CommutesWith_CartesianProduct_Case on FieldML_test1.hs:454 ===
*** Failed! Falsifiable (after 1 test):  
=== prop_test_Library_basis2dLinearLagrange_Apply_In_unitSquare1 on FieldML_test1.hs:456 ===
*** Failed! Falsifiable (after 1 test):  
=== prop_test_Library_basis2dLinearLagrange_Apply_In_unitSquare2 on FieldML_test1.hs:458 ===
+++ OK, passed 100 tests.
